Error: EBUSY: resource busy or locked, read
	at Object.readSync (node:fs:738:18)
	at tryReadSync (node:fs:418:20)
	at Object.readFileSync (node:fs:472:19)
	at Object.readFileSync (node:electron/js2c/node_init:2:11049)
	at VscodeEditor.getFileContent (c:\Users\AQLEEM\.vscode\extensions\qiu8310.dot-template-vscode-0.4.0\out\adapter\VscodeEditor.js:187:19)
	at isFileEmpty (c:\Users\AQLEEM\.vscode\extensions\qiu8310.dot-template-vscode-0.4.0\node_modules\dot-template-core\out\core\commands\Command.js:65:113)
	at c:\Users\AQLEEM\.vscode\extensions\qiu8310.dot-template-vscode-0.4.0\node_modules\dot-template-core\out\core\commands\Command.js:72:80
	at Array.filter (<anonymous>)
	at Command.filter (c:\Users\AQLEEM\.vscode\extensions\qiu8310.dot-template-vscode-0.4.0\node_modules\dot-template-core\out\core\commands\Command.js:70:14)
	at new CreateTemplateFilesCommand (c:\Users\AQLEEM\.vscode\extensions\qiu8310.dot-template-vscode-0.4.0\node_modules\dot-template-core\out\core\commands\CreateTemplateFilesCommand.js:31:29)
	at c:\Users\AQLEEM\.vscode\extensions\qiu8310.dot-template-vscode-0.4.0\node_modules\dot-template-core\out\core\Commander.js:160:80
	at Commander.<anonymous> (c:\Users\AQLEEM\.vscode\extensions\qiu8310.dot-template-vscode-0.4.0\node_modules\dot-template-core\out\core\Commander.js:129:46)
	at step (c:\Users\AQLEEM\.vscode\extensions\qiu8310.dot-template-vscode-0.4.0\node_modules\dot-template-core\node_modules\tslib\tslib.js:133:27)
	at Object.next (c:\Users\AQLEEM\.vscode\extensions\qiu8310.dot-template-vscode-0.4.0\node_modules\dot-template-core\node_modules\tslib\tslib.js:114:57)
	at c:\Users\AQLEEM\.vscode\extensions\qiu8310.dot-template-vscode-0.4.0\node_modules\dot-template-core\node_modules\tslib\tslib.js:107:75
	at new Promise (<anonymous>)
	at Object.__awaiter (c:\Users\AQLEEM\.vscode\extensions\qiu8310.dot-template-vscode-0.4.0\node_modules\dot-template-core\node_modules\tslib\tslib.js:103:16)
	at Commander.wrap (c:\Users\AQLEEM\.vscode\extensions\qiu8310.dot-template-vscode-0.4.0\node_modules\dot-template-core\out\core\Commander.js:123:24)
	at Commander.<anonymous> (c:\Users\AQLEEM\.vscode\extensions\qiu8310.dot-template-vscode-0.4.0\node_modules\dot-template-core\out\core\Commander.js:160:44)
	at step (c:\Users\AQLEEM\.vscode\extensions\qiu8310.dot-template-vscode-0.4.0\node_modules\dot-template-core\node_modules\tslib\tslib.js:133:27)
	at Object.next (c:\Users\AQLEEM\.vscode\extensions\qiu8310.dot-template-vscode-0.4.0\node_modules\dot-template-core\node_modules\tslib\tslib.js:114:57)
	at c:\Users\AQLEEM\.vscode\extensions\qiu8310.dot-template-vscode-0.4.0\node_modules\dot-template-core\node_modules\tslib\tslib.js:107:75
	at new Promise (<anonymous>)
	at Object.__awaiter (c:\Users\AQLEEM\.vscode\extensions\qiu8310.dot-template-vscode-0.4.0\node_modules\dot-template-core\node_modules\tslib\tslib.js:103:16)
	at Commander.addCreateTemplateFilesCommand (c:\Users\AQLEEM\.vscode\extensions\qiu8310.dot-template-vscode-0.4.0\node_modules\dot-template-core\out\core\Commander.js:157:24)
	at Application.<anonymous> (c:\Users\AQLEEM\.vscode\extensions\qiu8310.dot-template-vscode-0.4.0\node_modules\dot-template-core\out\core\Application.js:49:61)
	at step (c:\Users\AQLEEM\.vscode\extensions\qiu8310.dot-template-vscode-0.4.0\node_modules\dot-template-core\node_modules\tslib\tslib.js:133:27)
	at Object.next (c:\Users\AQLEEM\.vscode\extensions\qiu8310.dot-template-vscode-0.4.0\node_modules\dot-template-core\node_modules\tslib\tslib.js:114:57)
	at c:\Users\AQLEEM\.vscode\extensions\qiu8310.dot-template-vscode-0.4.0\node_modules\dot-template-core\node_modules\tslib\tslib.js:107:75
	at new Promise (<anonymous>)
	at Object.__awaiter (c:\Users\AQLEEM\.vscode\extensions\qiu8310.dot-template-vscode-0.4.0\node_modules\dot-template-core\node_modules\tslib\tslib.js:103:16)
	at Application.createTemplateFiles (c:\Users\AQLEEM\.vscode\extensions\qiu8310.dot-template-vscode-0.4.0\node_modules\dot-template-core\out\core\Application.js:47:28)
	at Application.<anonymous> (c:\Users\AQLEEM\.vscode\extensions\qiu8310.dot-template-vscode-0.4.0\node_modules\dot-template-core\out\core\Application.js:109:51)
	at step (c:\Users\AQLEEM\.vscode\extensions\qiu8310.dot-template-vscode-0.4.0\node_modules\dot-template-core\node_modules\tslib\tslib.js:133:27)
	at Object.next (c:\Users\AQLEEM\.vscode\extensions\qiu8310.dot-template-vscode-0.4.0\node_modules\dot-template-core\node_modules\tslib\tslib.js:114:57)
	at c:\Users\AQLEEM\.vscode\extensions\qiu8310.dot-template-vscode-0.4.0\node_modules\dot-template-core\node_modules\tslib\tslib.js:107:75
	at new Promise (<anonymous>)
	at Object.__awaiter (c:\Users\AQLEEM\.vscode\extensions\qiu8310.dot-template-vscode-0.4.0\node_modules\dot-template-core\node_modules\tslib\tslib.js:103:16)
	at run (c:\Users\AQLEEM\.vscode\extensions\qiu8310.dot-template-vscode-0.4.0\node_modules\dot-template-core\out\core\Application.js:84:48)
	at Application.<anonymous> (c:\Users\AQLEEM\.vscode\extensions\qiu8310.dot-template-vscode-0.4.0\node_modules\dot-template-core\out\core\Application.js:153:50)
	at step (c:\Users\AQLEEM\.vscode\extensions\qiu8310.dot-template-vscode-0.4.0\node_modules\dot-template-core\node_modules\tslib\tslib.js:133:27)
	at Object.next (c:\Users\AQLEEM\.vscode\extensions\qiu8310.dot-template-vscode-0.4.0\node_modules\dot-template-core\node_modules\tslib\tslib.js:114:57)
	at c:\Users\AQLEEM\.vscode\extensions\qiu8310.dot-template-vscode-0.4.0\node_modules\dot-template-core\node_modules\tslib\tslib.js:107:75
	at new Promise (<anonymous>)
	at Object.__awaiter (c:\Users\AQLEEM\.vscode\extensions\qiu8310.dot-template-vscode-0.4.0\node_modules\dot-template-core\node_modules\tslib\tslib.js:103:16)
	at Timeout._onTimeout (c:\Users\AQLEEM\.vscode\extensions\qiu8310.dot-template-vscode-0.4.0\node_modules\dot-template-core\out\core\Application.js:144:59)
	at listOnTimeout (node:internal/timers:605:17)
	at process.processTimers (node:internal/timers:541:7)